I0310 17:44:04.382843   35413 load.go:31] Reloading schema and connectors...
I0310 17:44:04.510225   35413 control.go:94] [/emulator/scrbrd-data 1e30] UpdateResources(): done
Main schema: sources: schema/schema.gql [29785B] 
Connector "example": sources: example/mutations.gql [2874B] example/queries.gql [1901B] 
I0310 17:44:04.645414   35413 codegen.go:80] [connector "example" javascriptSdk] Generating sources into "/Users/kameel.kalyan/Documents/SCRBRD/src/generated/dataconnect"
I0310 17:44:04.651078   35413 collector.go:107] schema extensions wrote into "/Users/kameel.kalyan/Documents/SCRBRD/dataconnect/.dataconnect/schema"
Generated sources: main/mutation.gql [170685B] main/implicit.gql [29178B] prelude.gql [73219B] main/input.gql [785546B] main/relation.gql [462405B] main/query.gql [62353B] 
I0310 17:44:04.652602   35413 collector.go:107] connector "example" javascriptSdk wrote into "/Users/kameel.kalyan/Documents/SCRBRD/src/generated/dataconnect"
Generated sources: index.d.ts [23008B] esm/index.esm.js [8153B] index.cjs.js [9330B] .guides/setup.md [581B] esm/package.json [17B] package.json [634B] README.md [90415B] .guides/usage.md [2211B] .guides/config.json [236B] 
I0310 17:44:04.656125   35413 installsdk.go:86] Running command: /usr/local/bin/npm install file:src/generated/dataconnect
E0310 17:44:05.688360   35413 installsdk.go:88] Failed to install package: exit status 1
I0310 17:44:05.688477   35413 load.go:109] Finished reloading
I0310 17:44:05.689900   35413 dev.go:105] Listening on address (HTTP + gRPC): 127.0.0.1:9399
I0310 17:44:05.690016   35413 dev.go:105] Listening on address (HTTP + gRPC): [::1]:9399
I0310 17:44:07.394181   35413 migrate.go:24] Running migration SQL:
Step 1: CREATE EXTENSION IF NOT EXISTS "uuid-ossp"
Step 2: CREATE TABLE "public"."persons" ("person_id" uuid NOT NULL DEFAULT uuid_generate_v4(), "biography" text NULL, "created_at" timestamptz NOT NULL, "date_of_birth" date NULL, "dominant_hand" text NULL, "email" text NULL, "first_name" text NOT NULL, "gender" text NULL, "last_name" text NOT NULL, "phone" text NULL, "preferred_name" text NULL, "profile_image_url" text NULL, "status" text NULL DEFAULT 'active', "updated_at" timestamptz NOT NULL, PRIMARY KEY ("person_id"))
Step 3: CREATE UNIQUE INDEX "persons_email_uidx" ON "public"."persons" ("email")
Step 4: CREATE TABLE "public"."audit_logs" ("audit_log_id" uuid NOT NULL DEFAULT uuid_generate_v4(), "actor_id" uuid NOT NULL, "action_type" text NOT NULL, "after_json" jsonb NULL, "before_json" jsonb NULL, "created_at" timestamptz NOT NULL, "entity_id" uuid NOT NULL, "entity_type" text NOT NULL, "ip_address" text NULL, PRIMARY KEY ("audit_log_id"), CONSTRAINT "audit_logs_actor_id_fkey" FOREIGN KEY ("actor_id") REFERENCES "public"."persons" ("person_id") ON DELETE CASCADE)
Step 5: CREATE INDEX "audit_logs_actorId_idx" ON "public"."audit_logs" ("actor_id")
Step 6: CREATE TABLE "public"."age_divisions" ("age_division_id" uuid NOT NULL DEFAULT uuid_generate_v4(), "max_age" integer NULL, "min_age" integer NULL, "name" text NOT NULL, "sort_order" integer NULL, "sport" text NOT NULL DEFAULT 'Cricket', PRIMARY KEY ("age_division_id"))
Step 7: CREATE TABLE "public"."organisations" ("organisation_id" uuid NOT NULL DEFAULT uuid_generate_v4(), "contact_email" text NULL, "contact_phone" text NULL, "created_at" timestamptz NOT NULL, "logo_url" text NULL, "name" text NOT NULL, "organisation_type" text NULL, "primary_colour" text NULL, "secondary_colour" text NULL, "short_name" text NULL, "slug" text NOT NULL, "status" text NULL DEFAULT 'active', "updated_at" timestamptz NOT NULL, "website_url" text NULL, PRIMARY KEY ("organisation_id"))
Step 8: CREATE UNIQUE INDEX "organisations_slug_uidx" ON "public"."organisations" ("slug")
Step 9: CREATE TABLE "public"."seasons" ("season_id" uuid NOT NULL DEFAULT uuid_generate_v4(), "created_at" timestamptz NOT NULL, "end_date" date NOT NULL, "is_active" boolean NULL DEFAULT false, "name" text NOT NULL, "sport" text NOT NULL DEFAULT 'Cricket', "start_date" date NOT NULL, PRIMARY KEY ("season_id"))
Step 10: CREATE TABLE "public"."team_classes" ("team_class_id" uuid NOT NULL DEFAULT uuid_generate_v4(), "code" text NOT NULL, "label" text NOT NULL, "sort_order" integer NULL, "sport" text NOT NULL DEFAULT 'Cricket', PRIMARY KEY ("team_class_id"))
Step 11: CREATE TABLE "public"."teams" ("team_id" uuid NOT NULL DEFAULT uuid_generate_v4(), "age_division_id" uuid NOT NULL, "organisation_id" uuid NOT NULL, "season_id" uuid NOT NULL, "team_class_id" uuid NOT NULL, "created_at" timestamptz NOT NULL, "display_name" text NULL, "gender_category" text NULL, "logo_url" text NULL, "name" text NOT NULL, "short_name" text NULL, "sport" text NOT NULL DEFAULT 'Cricket', "status" text NULL DEFAULT 'active', "team_colour_primary" text NULL, "team_colour_secondary" text NULL, "updated_at" timestamptz NOT NULL, PRIMARY KEY ("team_id"), CONSTRAINT "teams_age_division_id_fkey" FOREIGN KEY ("age_division_id") REFERENCES "public"."age_divisions" ("age_division_id") ON DELETE CASCADE, CONSTRAINT "teams_organisation_id_fkey" FOREIGN KEY ("organisation_id") REFERENCES "public"."organisations" ("organisation_id") ON DELETE CASCADE, CONSTRAINT "teams_season_id_fkey" FOREIGN KEY ("season_id") REFERENCES "public"."seasons" ("season_id") ON DELETE CASCADE, CONSTRAINT "teams_team_class_id_fkey" FOREIGN KEY ("team_class_id") REFERENCES "public"."team_classes" ("team_class_id") ON DELETE CASCADE)
Step 12: CREATE INDEX "teams_ageDivisionId_idx" ON "public"."teams" ("age_division_id")
Step 13: CREATE INDEX "teams_organisationId_idx" ON "public"."teams" ("organisation_id")
Step 14: CREATE INDEX "teams_seasonId_idx" ON "public"."teams" ("season_id")
Step 15: CREATE INDEX "teams_teamClassId_idx" ON "public"."teams" ("team_class_id")
Step 16: CREATE TABLE "public"."competitions" ("competition_id" uuid NOT NULL DEFAULT uuid_generate_v4(), "organisation_id" uuid NULL, "season_id" uuid NOT NULL, "balls_per_over" integer NULL DEFAULT 6, "competition_type" text NULL, "ends_on" date NULL, "format" text NULL, "name" text NOT NULL, "overs_per_innings" integer NULL, "playing_conditions_id" uuid NULL, "sport" text NOT NULL DEFAULT 'Cricket', "starts_on" date NULL, "status" text NULL DEFAULT 'planned', PRIMARY KEY ("competition_id"), CONSTRAINT "competitions_organisation_id_fkey" FOREIGN KEY ("organisation_id") REFERENCES "public"."organisations" ("organisation_id") ON DELETE SET NULL, CONSTRAINT "competitions_season_id_fkey" FOREIGN KEY ("season_id") REFERENCES "public"."seasons" ("season_id") ON DELETE CASCADE)
Step 17: CREATE INDEX "competitions_organisationId_idx" ON "public"."competitions" ("organisation_id")
Step 18: CREATE INDEX "competitions_seasonId_idx" ON "public"."competitions" ("season_id")
Step 19: CREATE TABLE "public"."venues" ("venue_id" uuid NOT NULL DEFAULT uuid_generate_v4(), "organisation_id" uuid NOT NULL, "address_line_1" text NULL, "city" text NULL, "country" text NULL, "latitude" double precision NULL, "longitude" double precision NULL, "name" text NOT NULL, "notes" text NULL, "province" text NULL, "suburb" text NULL, "timezone" text NULL DEFAULT 'Africa/Johannesburg', "venue_type" text NULL, PRIMARY KEY ("venue_id"), CONSTRAINT "venues_organisation_id_fkey" FOREIGN KEY ("organisation_id") REFERENCES "public"."organisations" ("organisation_id") ON DELETE CASCADE)
Step 20: CREATE INDEX "venues_organisationId_idx" ON "public"."venues" ("organisation_id")
Step 21: CREATE TABLE "public"."fields" ("field_id" uuid NOT NULL DEFAULT uuid_generate_v4(), "venue_id" uuid NOT NULL, "boundary_length_m" integer NULL, "ends_json" jsonb NULL, "field_type" text NULL, "name" text NOT NULL, "notes" text NULL, "pitch_type" text NULL, "status" text NULL DEFAULT 'available', PRIMARY KEY ("field_id"), CONSTRAINT "fields_venue_id_fkey" FOREIGN KEY ("venue_id") REFERENCES "public"."venues" ("venue_id") ON DELETE CASCADE)
Step 22: CREATE INDEX "fields_venueId_idx" ON "public"."fields" ("venue_id")
Step 23: CREATE TABLE "public"."fixtures" ("fixture_id" uuid NOT NULL DEFAULT uuid_generate_v4(), "away_team_id" uuid NOT NULL, "competition_id" uuid NULL, "created_by_id" uuid NULL, "field_id" uuid NULL, "home_team_id" uuid NOT NULL, "season_id" uuid NOT NULL, "venue_id" uuid NOT NULL, "balls_per_over" integer NULL DEFAULT 6, "created_at" timestamptz NOT NULL, "match_type" text NULL, "notes" text NULL, "overs_per_innings" integer NULL, "round_name" text NULL, "scheduled_end_at" timestamptz NULL, "scheduled_start_at" timestamptz NOT NULL, "sport" text NOT NULL DEFAULT 'Cricket', "status" text NULL DEFAULT 'scheduled', "updated_at" timestamptz NOT NULL, PRIMARY KEY ("fixture_id"), CONSTRAINT "fixtures_away_team_id_fkey" FOREIGN KEY ("away_team_id") REFERENCES "public"."teams" ("team_id") ON DELETE CASCADE, CONSTRAINT "fixtures_competition_id_fkey" FOREIGN KEY ("competition_id") REFERENCES "public"."competitions" ("competition_id") ON DELETE SET NULL, CONSTRAINT "fixtures_created_by_id_fkey" FOREIGN KEY ("created_by_id") REFERENCES "public"."persons" ("person_id") ON DELETE SET NULL, CONSTRAINT "fixtures_field_id_fkey" FOREIGN KEY ("field_id") REFERENCES "public"."fields" ("field_id") ON DELETE SET NULL, CONSTRAINT "fixtures_home_team_id_fkey" FOREIGN KEY ("home_team_id") REFERENCES "public"."teams" ("team_id") ON DELETE CASCADE, CONSTRAINT "fixtures_season_id_fkey" FOREIGN KEY ("season_id") REFERENCES "public"."seasons" ("season_id") ON DELETE CASCADE, CONSTRAINT "fixtures_venue_id_fkey" FOREIGN KEY ("venue_id") REFERENCES "public"."venues" ("venue_id") ON DELETE CASCADE)
Step 24: CREATE INDEX "fixtures_awayTeamId_idx" ON "public"."fixtures" ("away_team_id")
Step 25: CREATE INDEX "fixtures_competitionId_idx" ON "public"."fixtures" ("competition_id")
Step 26: CREATE INDEX "fixtures_createdById_idx" ON "public"."fixtures" ("created_by_id")
Step 27: CREATE INDEX "fixtures_fieldId_idx" ON "public"."fixtures" ("field_id")
Step 28: CREATE INDEX "fixtures_homeTeamId_idx" ON "public"."fixtures" ("home_team_id")
Step 29: CREATE INDEX "fixtures_seasonId_idx" ON "public"."fixtures" ("season_id")
Step 30: CREATE INDEX "fixtures_venueId_idx" ON "public"."fixtures" ("venue_id")
Step 31: CREATE TABLE "public"."matches" ("match_id" uuid NOT NULL DEFAULT uuid_generate_v4(), "fixture_id" uuid NOT NULL, "toss_winner_team_id" uuid NULL, "winning_team_id" uuid NULL, "created_at" timestamptz NOT NULL, "current_ball" integer NULL, "current_innings_no" integer NULL, "current_over" integer NULL, "duckworth_lewis_used" boolean NULL DEFAULT false, "end_time_actual" timestamptz NULL, "live_status" text NULL DEFAULT 'pre_match', "margin_text" text NULL, "match_state" text NULL DEFAULT 'not_started', "result_type" text NULL, "revised_target" integer NULL, "start_time_actual" timestamptz NULL, "toss_decision" text NULL, "updated_at" timestamptz NOT NULL, "version_no" integer NULL DEFAULT 1, "won_by_runs" integer NULL, "won_by_wickets" integer NULL, PRIMARY KEY ("match_id"), CONSTRAINT "matches_fixture_id_fkey" FOREIGN KEY ("fixture_id") REFERENCES "public"."fixtures" ("fixture_id") ON DELETE CASCADE, CONSTRAINT "matches_toss_winner_team_id_fkey" FOREIGN KEY ("toss_winner_team_id") REFERENCES "public"."teams" ("team_id") ON DELETE SET NULL, CONSTRAINT "matches_winning_team_id_fkey" FOREIGN KEY ("winning_team_id") REFERENCES "public"."teams" ("team_id") ON DELETE SET NULL)
Step 32: CREATE INDEX "matches_fixtureId_idx" ON "public"."matches" ("fixture_id")
Step 33: CREATE INDEX "matches_tossWinnerTeamId_idx" ON "public"."matches" ("toss_winner_team_id")
Step 34: CREATE INDEX "matches_winningTeamId_idx" ON "public"."matches" ("winning_team_id")
Step 35: CREATE UNIQUE INDEX "matches_fixtureId_uidx" ON "public"."matches" ("fixture_id")
Step 36: CREATE TABLE "public"."innings" ("innings_id" uuid NOT NULL DEFAULT uuid_generate_v4(), "batting_team_id" uuid NOT NULL, "bowling_team_id" uuid NOT NULL, "match_id" uuid NOT NULL, "byes" integer NULL DEFAULT 0, "closure_type" text NULL, "created_at" timestamptz NOT NULL, "ended_at" timestamptz NULL, "extras_total" integer NULL DEFAULT 0, "innings_no" integer NOT NULL, "innings_type" text NULL, "leg_byes" integer NULL DEFAULT 0, "max_overs" integer NULL, "no_balls" integer NULL DEFAULT 0, "penalty_runs" integer NULL DEFAULT 0, "required_run_rate" double precision NULL, "revised_target" integer NULL, "run_rate" double precision NULL, "started_at" timestamptz NULL, "target_runs" integer NULL, "total_balls" integer NULL DEFAULT 0, "total_overs_decimal" double precision NULL DEFAULT 0::double precision, "total_runs" integer NULL DEFAULT 0, "total_wickets" integer NULL DEFAULT 0, "updated_at" timestamptz NOT NULL, "wides" integer NULL DEFAULT 0, PRIMARY KEY ("innings_id"), CONSTRAINT "innings_batting_team_id_fkey" FOREIGN KEY ("batting_team_id") REFERENCES "public"."teams" ("team_id") ON DELETE CASCADE, CONSTRAINT "innings_bowling_team_id_fkey" FOREIGN KEY ("bowling_team_id") REFERENCES "public"."teams" ("team_id") ON DELETE CASCADE, CONSTRAINT "innings_match_id_fkey" FOREIGN KEY ("match_id") REFERENCES "public"."matches" ("match_id") ON DELETE CASCADE)
Step 37: CREATE INDEX "innings_battingTeamId_idx" ON "public"."innings" ("batting_team_id")
Step 38: CREATE INDEX "innings_bowlingTeamId_idx" ON "public"."innings" ("bowling_team_id")
Step 39: CREATE INDEX "innings_matchId_idx" ON "public"."innings" ("match_id")
Step 40: CREATE TABLE "public"."overs" ("over_id" uuid NOT NULL DEFAULT uuid_generate_v4(), "bowler_id" uuid NOT NULL, "innings_id" uuid NOT NULL, "ended_at" timestamptz NULL, "from_end" text NULL, "legal_balls_bowled" integer NULL DEFAULT 0, "maiden" boolean NULL DEFAULT false, "over_number" integer NOT NULL, "runs_conceded" integer NULL DEFAULT 0, "started_at" timestamptz NULL, "wickets_in_over" integer NULL DEFAULT 0, PRIMARY KEY ("over_id"), CONSTRAINT "overs_bowler_id_fkey" FOREIGN KEY ("bowler_id") REFERENCES "public"."persons" ("person_id") ON DELETE CASCADE, CONSTRAINT "overs_innings_id_fkey" FOREIGN KEY ("innings_id") REFERENCES "public"."innings" ("innings_id") ON DELETE CASCADE)
Step 41: CREATE INDEX "overs_bowlerId_idx" ON "public"."overs" ("bowler_id")
Step 42: CREATE INDEX "overs_inningsId_idx" ON "public"."overs" ("innings_id")
Step 43: CREATE TABLE "public"."ball_events" ("ball_event_id" uuid NOT NULL DEFAULT uuid_generate_v4(), "assisting_fielder1_id" uuid NULL, "assisting_fielder2_id" uuid NULL, "batting_team_id" uuid NOT NULL, "bowler_id" uuid NOT NULL, "bowling_team_id" uuid NOT NULL, "dismissed_person_id" uuid NULL, "innings_id" uuid NOT NULL, "non_striker_id" uuid NOT NULL, "over_id" uuid NOT NULL, "recorded_by_id" uuid NULL, "striker_id" uuid NOT NULL, "ball_in_over" integer NOT NULL, "ball_sequence_global" integer NOT NULL, "boundary_flag" boolean NULL DEFAULT false, "commentary_text" text NULL, "contact_type" text NULL, "creates_free_hit" boolean NULL DEFAULT false, "credited_bowler_flag" boolean NULL DEFAULT true, "delivery_type" text NULL, "extra_type" text NULL, "is_free_hit" boolean NULL DEFAULT false, "is_legal_delivery" boolean NULL DEFAULT true, "outcome_type" text NOT NULL, "over_number" integer NOT NULL, "pitch_zone" text NULL, "recorded_at" timestamptz NOT NULL, "runs_bat" integer NULL DEFAULT 0, "runs_extras" integer NULL DEFAULT 0, "runs_total" integer NULL DEFAULT 0, "scorer_notes" text NULL, "shot_type" text NULL, "shot_zone" text NULL, "updated_at" timestamptz NOT NULL, "version_no" integer NULL DEFAULT 1, "wagon_wheel_x" double precision NULL, "wagon_wheel_y" double precision NULL, "wicket_flag" boolean NULL DEFAULT false, "wicket_type" text NULL, PRIMARY KEY ("ball_event_id"), CONSTRAINT "ball_events_assisting_fielder1_id_fkey" FOREIGN KEY ("assisting_fielder1_id") REFERENCES "public"."persons" ("person_id") ON DELETE SET NULL, CONSTRAINT "ball_events_assisting_fielder2_id_fkey" FOREIGN KEY ("assisting_fielder2_id") REFERENCES "public"."persons" ("person_id") ON DELETE SET NULL, CONSTRAINT "ball_events_batting_team_id_fkey" FOREIGN KEY ("batting_team_id") REFERENCES "public"."teams" ("team_id") ON DELETE CASCADE, CONSTRAINT "ball_events_bowler_id_fkey" FOREIGN KEY ("bowler_id") REFERENCES "public"."persons" ("person_id") ON DELETE CASCADE, CONSTRAINT "ball_events_bowling_team_id_fkey" FOREIGN KEY ("bowling_team_id") REFERENCES "public"."teams" ("team_id") ON DELETE CASCADE, CONSTRAINT "ball_events_dismissed_person_id_fkey" FOREIGN KEY ("dismissed_person_id") REFERENCES "public"."persons" ("person_id") ON DELETE SET NULL, CONSTRAINT "ball_events_innings_id_fkey" FOREIGN KEY ("innings_id") REFERENCES "public"."innings" ("innings_id") ON DELETE C
I0310 17:44:07.829277   35413 control.go:94] [/emulator/scrbrd-data 512d] UpdateResources(): done
Main schema: sources: schema/schema.gql [29785B] 
Connector "example": sources: example/mutations.gql [2874B] example/queries.gql [1901B] 
I0310 22:48:55.307138   35413 load.go:31] Reloading schema and connectors...
E0310 22:48:55.381662   35413 load.go:73] Could not load sources: 
Errors: schema/schema.gql:803:3: On ImpactAttribution.matchImpactEvent @col: Unexpected directive
schema/schema.gql:804:3: On ImpactAttribution.person @col: Unexpected directive
schema/schema.gql:833:3: On InningsMomentumSegment.dominantTeam @col: Unexpected directive
schema/schema.gql:830:3: On InningsMomentumSegment.innings @col: Unexpected directive
schema/schema.gql:782:3: On MatchImpactEvent.ballEvent @col: Unexpected directive
schema/schema.gql:780:3: On MatchImpactEvent.fixture @col: Unexpected directive
schema/schema.gql:781:3: On MatchImpactEvent.innings @col: Unexpected directive
schema/schema.gql:813:3: On PlayerMatchImpact.fixture @col: Unexpected directive
schema/schema.gql:814:3: On PlayerMatchImpact.person @col: Unexpected directive
schema/schema.gql:815:3: On PlayerMatchImpact.team @col: Unexpected directive
schema/schema.gql:860:3: On PotentialProjection.person @col: Unexpected directive
schema/schema.gql:861:3: On PotentialProjection.season @col: Unexpected directive
schema/schema.gql:770:3: On RankingComponent.rankingSnapshot @col: Unexpected directive
schema/schema.gql:760:3: On RankingSnapshot.competition @col: Unexpected directive
schema/schema.gql:759:3: On RankingSnapshot.season @col: Unexpected directive
schema/schema.gql:843:3: On ScoutReport.fixture @col: Unexpected directive
schema/schema.gql:841:3: On ScoutReport.person @col: Unexpected directive
schema/schema.gql:842:3: On ScoutReport.scout @col: Unexpected directive
I0310 22:48:55.384161   35413 collector.go:107] schema extensions wrote into "/Users/kameel.kalyan/Documents/SCRBRD/dataconnect/.dataconnect/schema"
Generated sources: prelude.gql [73219B] main/implicit.gql [29178B] main/input.gql [785546B] main/relation.gql [462405B] main/query.gql [62353B] main/mutation.gql [170685B] 
I0310 22:48:55.384775   35413 load.go:74] Finished reloading
I0310 22:49:55.301624   35413 load.go:31] Reloading schema and connectors...
I0310 22:49:55.760969   35413 migrate.go:24] Running migration SQL:
Step 1: CREATE TABLE "public"."impact_model_versions" ("model_version_id" uuid NOT NULL DEFAULT uuid_generate_v4(), "activated_at" timestamptz NOT NULL, "config_json" jsonb NOT NULL, "is_active" boolean NOT NULL DEFAULT true, "retired_at" timestamptz NULL, "version_name" text NOT NULL, PRIMARY KEY ("model_version_id"))
Step 2: CREATE TABLE "public"."match_impact_events" ("impact_event_id" uuid NOT NULL DEFAULT uuid_generate_v4(), "ball_event_id" uuid NULL, "fixture_id" uuid NOT NULL, "innings_id" uuid NOT NULL, "ball_number" integer NOT NULL, "base_impact_value" double precision NOT NULL, "batting_team_impact" double precision NULL DEFAULT 0::double precision, "bowling_team_impact" double precision NULL DEFAULT 0::double precision, "context_multiplier" double precision NULL DEFAULT 1::double precision, "created_at" timestamptz NOT NULL, "event_type" text NOT NULL, "explanation" text NULL, "opposition_multiplier" double precision NULL DEFAULT 1::double precision, "over_number" integer NOT NULL, "phase" text NOT NULL, "pressure_multiplier" double precision NULL DEFAULT 1::double precision, "pressure_state" text NOT NULL, "sub_event_type" text NULL, "swing_adjustment" double precision NULL DEFAULT 0::double precision, "total_impact_value" double precision NOT NULL, PRIMARY KEY ("impact_event_id"), CONSTRAINT "match_impact_events_ball_event_id_fkey" FOREIGN KEY ("ball_event_id") REFERENCES "public"."ball_events" ("ball_event_id") ON DELETE SET NULL, CONSTRAINT "match_impact_events_fixture_id_fkey" FOREIGN KEY ("fixture_id") REFERENCES "public"."fixtures" ("fixture_id") ON DELETE CASCADE, CONSTRAINT "match_impact_events_innings_id_fkey" FOREIGN KEY ("innings_id") REFERENCES "public"."innings" ("innings_id") ON DELETE CASCADE)
Step 3: CREATE INDEX "match_impact_events_ballEventId_idx" ON "public"."match_impact_events" ("ball_event_id")
Step 4: CREATE INDEX "match_impact_events_fixtureId_idx" ON "public"."match_impact_events" ("fixture_id")
Step 5: CREATE INDEX "match_impact_events_inningsId_idx" ON "public"."match_impact_events" ("innings_id")
Step 6: CREATE TABLE "public"."impact_attributions" ("attribution_id" uuid NOT NULL DEFAULT uuid_generate_v4(), "match_impact_event_id" uuid NOT NULL, "person_id" uuid NOT NULL, "explanation" text NULL, "impact_category" text NOT NULL, "impact_value" double precision NOT NULL, "role_type" text NOT NULL, PRIMARY KEY ("attribution_id"), CONSTRAINT "impact_attributions_match_impact_event_id_fkey" FOREIGN KEY ("match_impact_event_id") REFERENCES "public"."match_impact_events" ("impact_event_id") ON DELETE CASCADE, CONSTRAINT "impact_attributions_person_id_fkey" FOREIGN KEY ("person_id") REFERENCES "public"."persons" ("person_id") ON DELETE CASCADE)
Step 7: CREATE INDEX "impact_attributions_matchImpactEventId_idx" ON "public"."impact_attributions" ("match_impact_event_id")
Step 8: CREATE INDEX "impact_attributions_personId_idx" ON "public"."impact_attributions" ("person_id")
Step 9: CREATE TABLE "public"."innings_momentum_segments" ("segment_id" uuid NOT NULL DEFAULT uuid_generate_v4(), "dominant_team_id" uuid NOT NULL, "innings_id" uuid NOT NULL, "end_over" integer NOT NULL, "momentum_score" double precision NOT NULL, "reason_code" text NULL, "start_over" integer NOT NULL, "summary_text" text NULL, PRIMARY KEY ("segment_id"), CONSTRAINT "innings_momentum_segments_dominant_team_id_fkey" FOREIGN KEY ("dominant_team_id") REFERENCES "public"."teams" ("team_id") ON DELETE CASCADE, CONSTRAINT "innings_momentum_segments_innings_id_fkey" FOREIGN KEY ("innings_id") REFERENCES "public"."innings" ("innings_id") ON DELETE CASCADE)
Step 10: CREATE INDEX "innings_momentum_segments_dominantTeamId_idx" ON "public"."innings_momentum_segments" ("dominant_team_id")
Step 11: CREATE INDEX "innings_momentum_segments_inningsId_idx" ON "public"."innings_momentum_segments" ("innings_id")
Step 12: CREATE TABLE "public"."player_match_impacts" ("player_match_impact_id" uuid NOT NULL DEFAULT uuid_generate_v4(), "fixture_id" uuid NOT NULL, "person_id" uuid NOT NULL, "team_id" uuid NOT NULL, "badges_json" jsonb NULL, "batting_impact" double precision NULL DEFAULT 0::double precision, "bowling_impact" double precision NULL DEFAULT 0::double precision, "clutch_impact" double precision NULL DEFAULT 0::double precision, "created_at" timestamptz NOT NULL, "fielding_impact" double precision NULL DEFAULT 0::double precision, "momentum_shift_impact" double precision NULL DEFAULT 0::double precision, "mvp_score" double precision NULL DEFAULT 0::double precision, "rank_in_match" integer NULL, "total_impact" double precision NULL DEFAULT 0::double precision, PRIMARY KEY ("player_match_impact_id"), CONSTRAINT "player_match_impacts_fixture_id_fkey" FOREIGN KEY ("fixture_id") REFERENCES "public"."fixtures" ("fixture_id") ON DELETE CASCADE, CONSTRAINT "player_match_impacts_person_id_fkey" FOREIGN KEY ("person_id") REFERENCES "public"."persons" ("person_id") ON DELETE CASCADE, CONSTRAINT "player_match_impacts_team_id_fkey" FOREIGN KEY ("team_id") REFERENCES "public"."teams" ("team_id") ON DELETE CASCADE)
Step 13: CREATE INDEX "player_match_impacts_fixtureId_idx" ON "public"."player_match_impacts" ("fixture_id")
Step 14: CREATE INDEX "player_match_impacts_personId_idx" ON "public"."player_match_impacts" ("person_id")
Step 15: CREATE INDEX "player_match_impacts_teamId_idx" ON "public"."player_match_impacts" ("team_id")
Step 16: CREATE TABLE "public"."potential_projections" ("projection_id" uuid NOT NULL DEFAULT uuid_generate_v4(), "person_id" uuid NOT NULL, "season_id" uuid NOT NULL, "ceiling_score" integer NULL, "created_at" timestamptz NOT NULL, "potential_tier" integer NULL, "projected_role" text NULL, "projection_window_months" integer NULL, "readiness_score" integer NULL, "risk_notes" text NULL, "risk_score" integer NULL, PRIMARY KEY ("projection_id"), CONSTRAINT "potential_projections_person_id_fkey" FOREIGN KEY ("person_id") REFERENCES "public"."persons" ("person_id") ON DELETE CASCADE, CONSTRAINT "potential_projections_season_id_fkey" FOREIGN KEY ("season_id") REFERENCES "public"."seasons" ("season_id") ON DELETE CASCADE)
Step 17: CREATE INDEX "potential_projections_personId_idx" ON "public"."potential_projections" ("person_id")
Step 18: CREATE INDEX "potential_projections_seasonId_idx" ON "public"."potential_projections" ("season_id")
Step 19: CREATE TABLE "public"."ranking_snapshots" ("snapshot_id" uuid NOT NULL DEFAULT uuid_generate_v4(), "competition_id" uuid NULL, "season_id" uuid NULL, "age_group" text NULL, "computed_at" timestamptz NOT NULL, "confidence" double precision NULL DEFAULT 1::double precision, "entity_id" uuid NOT NULL, "entity_type" text NOT NULL, "format" text NULL, "model_version_id" uuid NULL, "movement" integer NULL DEFAULT 0, "previous_rank" integer NULL, "province" text NULL, "rank" integer NOT NULL, "ranking_type" text NOT NULL, "score" double precision NOT NULL DEFAULT 0::double precision, PRIMARY KEY ("snapshot_id"), CONSTRAINT "ranking_snapshots_competition_id_fkey" FOREIGN KEY ("competition_id") REFERENCES "public"."competitions" ("competition_id") ON DELETE SET NULL, CONSTRAINT "ranking_snapshots_season_id_fkey" FOREIGN KEY ("season_id") REFERENCES "public"."seasons" ("season_id") ON DELETE SET NULL)
Step 20: CREATE INDEX "ranking_snapshots_competitionId_idx" ON "public"."ranking_snapshots" ("competition_id")
Step 21: CREATE INDEX "ranking_snapshots_seasonId_idx" ON "public"."ranking_snapshots" ("season_id")
Step 22: CREATE TABLE "public"."ranking_components" ("ranking_component_id" uuid NOT NULL DEFAULT uuid_generate_v4(), "ranking_snapshot_id" uuid NOT NULL, "component_name" text NOT NULL, "contribution" double precision NOT NULL, "normalised_value" double precision NOT NULL, "raw_value" double precision NOT NULL, "weight" double precision NOT NULL, PRIMARY KEY ("ranking_component_id"), CONSTRAINT "ranking_components_ranking_snapshot_id_fkey" FOREIGN KEY ("ranking_snapshot_id") REFERENCES "public"."ranking_snapshots" ("snapshot_id") ON DELETE CASCADE)
Step 23: CREATE INDEX "ranking_components_rankingSnapshotId_idx" ON "public"."ranking_components" ("ranking_snapshot_id")
Step 24: CREATE TABLE "public"."scout_reports" ("scout_report_id" uuid NOT NULL DEFAULT uuid_generate_v4(), "fixture_id" uuid NULL, "person_id" uuid NOT NULL, "scout_id" uuid NOT NULL, "competitiveness_score" integer NULL, "confidence_level" text NULL, "created_at" timestamptz NOT NULL, "mental_score" integer NULL, "physical_score" integer NULL, "projection_notes" text NULL, "prospect_category" text NOT NULL, "scout_grade" text NOT NULL, "statistical_evidence_score" integer NULL, "tactical_score" integer NULL, "technical_score" integer NULL, "updated_at" timestamptz NOT NULL, PRIMARY KEY ("scout_report_id"), CONSTRAINT "scout_reports_fixture_id_fkey" FOREIGN KEY ("fixture_id") REFERENCES "public"."fixtures" ("fixture_id") ON DELETE SET NULL, CONSTRAINT "scout_reports_person_id_fkey" FOREIGN KEY ("person_id") REFERENCES "public"."persons" ("person_id") ON DELETE CASCADE, CONSTRAINT "scout_reports_scout_id_fkey" FOREIGN KEY ("scout_id") REFERENCES "public"."persons" ("person_id") ON DELETE CASCADE)
Step 25: CREATE INDEX "scout_reports_fixtureId_idx" ON "public"."scout_reports" ("fixture_id")
Step 26: CREATE INDEX "scout_reports_personId_idx" ON "public"."scout_reports" ("person_id")
Step 27: CREATE INDEX "scout_reports_scoutId_idx" ON "public"."scout_reports" ("scout_id")
I0310 22:49:56.082725   35413 control.go:94] [/emulator/scrbrd-data 76e5] UpdateResources(): done
Main schema: sources: schema/schema.gql [36476B] 
Connector "example": sources: example/mutations.gql [2874B] example/queries.gql [1901B] 
I0310 22:49:56.477235   35413 codegen.go:80] [connector "example" javascriptSdk] Generating sources into "/Users/kameel.kalyan/Documents/SCRBRD/src/generated/dataconnect"
I0310 22:49:56.488118   35413 collector.go:107] schema extensions wrote into "/Users/kameel.kalyan/Documents/SCRBRD/dataconnect/.dataconnect/schema"
Generated sources: main/query.gql [74792B] prelude.gql [73219B] main/mutation.gql [205110B] main/implicit.gql [34196B] main/input.gql [963301B] main/relation.gql [568898B] 
I0310 22:49:56.491809   35413 collector.go:107] connector "example" javascriptSdk wrote into "/Users/kameel.kalyan/Documents/SCRBRD/src/generated/dataconnect"
Generated sources: index.cjs.js [9330B] package.json [634B] .guides/setup.md [581B] .guides/config.json [236B] index.d.ts [23922B] esm/index.esm.js [8153B] esm/package.json [17B] README.md [90415B] .guides/usage.md [2211B] 
I0310 22:49:56.495908   35413 installsdk.go:86] Running command: /usr/local/bin/npm install file:src/generated/dataconnect
E0310 22:49:58.688365   35413 installsdk.go:88] Failed to install package: exit status 1
I0310 22:49:58.688540   35413 load.go:109] Finished reloading
I0310 22:50:55.302120   35413 load.go:31] Reloading schema and connectors...
I0310 22:50:55.912683   35413 migrate.go:24] Running migration SQL:
Step 1: DROP TABLE "public"."impact_attributions"
Step 2: DROP TABLE "public"."impact_model_versions"
Step 3: DROP TABLE "public"."innings_momentum_segments"
Step 4: DROP TABLE "public"."player_match_impacts"
Step 5: DROP TABLE "public"."potential_projections"
Step 6: DROP TABLE "public"."scout_reports"
Step 7: DROP TABLE "public"."match_impact_events"
Step 8: DROP TABLE "public"."ranking_components"
Step 9: DROP TABLE "public"."ranking_snapshots"
I0310 22:50:56.664739   35413 control.go:94] [/emulator/scrbrd-data 76d1] UpdateResources(): done
Main schema: sources: schema/schema.gql [29785B] 
Connector "example": sources: example/mutations.gql [2874B] example/queries.gql [1901B] 
I0310 22:50:56.901659   35413 codegen.go:80] [connector "example" javascriptSdk] Generating sources into "/Users/kameel.kalyan/Documents/SCRBRD/src/generated/dataconnect"
I0310 22:50:56.910091   35413 collector.go:107] schema extensions wrote into "/Users/kameel.kalyan/Documents/SCRBRD/dataconnect/.dataconnect/schema"
Generated sources: main/mutation.gql [170685B] prelude.gql [73219B] main/implicit.gql [29178B] main/input.gql [785546B] main/relation.gql [462405B] main/query.gql [62353B] 
I0310 22:50:56.911994   35413 collector.go:107] connector "example" javascriptSdk wrote into "/Users/kameel.kalyan/Documents/SCRBRD/src/generated/dataconnect"
Generated sources: index.d.ts [23008B] index.cjs.js [9330B] README.md [90415B] .guides/usage.md [1513B] .guides/setup.md [581B] .guides/config.json [236B] esm/index.esm.js [8153B] esm/package.json [17B] package.json [634B] 
I0310 22:50:56.922416   35413 installsdk.go:86] Running command: /usr/local/bin/npm install file:src/generated/dataconnect
E0310 22:51:00.756688   35413 installsdk.go:88] Failed to install package: exit status 1
I0310 22:51:00.757001   35413 load.go:109] Finished reloading
I0310 22:51:25.311410   35413 load.go:31] Reloading schema and connectors...
I0310 22:51:25.770390   35413 migrate.go:24] Running migration SQL:
Step 1: CREATE TABLE "public"."impact_model_versions" ("model_version_id" uuid NOT NULL DEFAULT uuid_generate_v4(), "activated_at" timestamptz NOT NULL, "config_json" jsonb NOT NULL, "is_active" boolean NOT NULL DEFAULT true, "retired_at" timestamptz NULL, "version_name" text NOT NULL, PRIMARY KEY ("model_version_id"))
Step 2: CREATE TABLE "public"."match_impact_events" ("impact_event_id" uuid NOT NULL DEFAULT uuid_generate_v4(), "ball_event_id" uuid NULL, "fixture_id" uuid NOT NULL, "innings_id" uuid NOT NULL, "ball_number" integer NOT NULL, "base_impact_value" double precision NOT NULL, "batting_team_impact" double precision NULL DEFAULT 0::double precision, "bowling_team_impact" double precision NULL DEFAULT 0::double precision, "context_multiplier" double precision NULL DEFAULT 1::double precision, "created_at" timestamptz NOT NULL, "event_type" text NOT NULL, "explanation" text NULL, "opposition_multiplier" double precision NULL DEFAULT 1::double precision, "over_number" integer NOT NULL, "phase" text NOT NULL, "pressure_multiplier" double precision NULL DEFAULT 1::double precision, "pressure_state" text NOT NULL, "sub_event_type" text NULL, "swing_adjustment" double precision NULL DEFAULT 0::double precision, "total_impact_value" double precision NOT NULL, PRIMARY KEY ("impact_event_id"), CONSTRAINT "match_impact_events_ball_event_id_fkey" FOREIGN KEY ("ball_event_id") REFERENCES "public"."ball_events" ("ball_event_id") ON DELETE SET NULL, CONSTRAINT "match_impact_events_fixture_id_fkey" FOREIGN KEY ("fixture_id") REFERENCES "public"."fixtures" ("fixture_id") ON DELETE CASCADE, CONSTRAINT "match_impact_events_innings_id_fkey" FOREIGN KEY ("innings_id") REFERENCES "public"."innings" ("innings_id") ON DELETE CASCADE)
Step 3: CREATE INDEX "match_impact_events_ballEventId_idx" ON "public"."match_impact_events" ("ball_event_id")
Step 4: CREATE INDEX "match_impact_events_fixtureId_idx" ON "public"."match_impact_events" ("fixture_id")
Step 5: CREATE INDEX "match_impact_events_inningsId_idx" ON "public"."match_impact_events" ("innings_id")
Step 6: CREATE TABLE "public"."impact_attributions" ("attribution_id" uuid NOT NULL DEFAULT uuid_generate_v4(), "match_impact_event_id" uuid NOT NULL, "person_id" uuid NOT NULL, "explanation" text NULL, "impact_category" text NOT NULL, "impact_value" double precision NOT NULL, "role_type" text NOT NULL, PRIMARY KEY ("attribution_id"), CONSTRAINT "impact_attributions_match_impact_event_id_fkey" FOREIGN KEY ("match_impact_event_id") REFERENCES "public"."match_impact_events" ("impact_event_id") ON DELETE CASCADE, CONSTRAINT "impact_attributions_person_id_fkey" FOREIGN KEY ("person_id") REFERENCES "public"."persons" ("person_id") ON DELETE CASCADE)
Step 7: CREATE INDEX "impact_attributions_matchImpactEventId_idx" ON "public"."impact_attributions" ("match_impact_event_id")
Step 8: CREATE INDEX "impact_attributions_personId_idx" ON "public"."impact_attributions" ("person_id")
Step 9: CREATE TABLE "public"."innings_momentum_segments" ("segment_id" uuid NOT NULL DEFAULT uuid_generate_v4(), "dominant_team_id" uuid NOT NULL, "innings_id" uuid NOT NULL, "end_over" integer NOT NULL, "momentum_score" double precision NOT NULL, "reason_code" text NULL, "start_over" integer NOT NULL, "summary_text" text NULL, PRIMARY KEY ("segment_id"), CONSTRAINT "innings_momentum_segments_dominant_team_id_fkey" FOREIGN KEY ("dominant_team_id") REFERENCES "public"."teams" ("team_id") ON DELETE CASCADE, CONSTRAINT "innings_momentum_segments_innings_id_fkey" FOREIGN KEY ("innings_id") REFERENCES "public"."innings" ("innings_id") ON DELETE CASCADE)
Step 10: CREATE INDEX "innings_momentum_segments_dominantTeamId_idx" ON "public"."innings_momentum_segments" ("dominant_team_id")
Step 11: CREATE INDEX "innings_momentum_segments_inningsId_idx" ON "public"."innings_momentum_segments" ("innings_id")
Step 12: CREATE TABLE "public"."player_match_impacts" ("player_match_impact_id" uuid NOT NULL DEFAULT uuid_generate_v4(), "fixture_id" uuid NOT NULL, "person_id" uuid NOT NULL, "team_id" uuid NOT NULL, "badges_json" jsonb NULL, "batting_impact" double precision NULL DEFAULT 0::double precision, "bowling_impact" double precision NULL DEFAULT 0::double precision, "clutch_impact" double precision NULL DEFAULT 0::double precision, "created_at" timestamptz NOT NULL, "fielding_impact" double precision NULL DEFAULT 0::double precision, "momentum_shift_impact" double precision NULL DEFAULT 0::double precision, "mvp_score" double precision NULL DEFAULT 0::double precision, "rank_in_match" integer NULL, "total_impact" double precision NULL DEFAULT 0::double precision, PRIMARY KEY ("player_match_impact_id"), CONSTRAINT "player_match_impacts_fixture_id_fkey" FOREIGN KEY ("fixture_id") REFERENCES "public"."fixtures" ("fixture_id") ON DELETE CASCADE, CONSTRAINT "player_match_impacts_person_id_fkey" FOREIGN KEY ("person_id") REFERENCES "public"."persons" ("person_id") ON DELETE CASCADE, CONSTRAINT "player_match_impacts_team_id_fkey" FOREIGN KEY ("team_id") REFERENCES "public"."teams" ("team_id") ON DELETE CASCADE)
Step 13: CREATE INDEX "player_match_impacts_fixtureId_idx" ON "public"."player_match_impacts" ("fixture_id")
Step 14: CREATE INDEX "player_match_impacts_personId_idx" ON "public"."player_match_impacts" ("person_id")
Step 15: CREATE INDEX "player_match_impacts_teamId_idx" ON "public"."player_match_impacts" ("team_id")
Step 16: CREATE TABLE "public"."potential_projections" ("projection_id" uuid NOT NULL DEFAULT uuid_generate_v4(), "person_id" uuid NOT NULL, "season_id" uuid NOT NULL, "ceiling_score" integer NULL, "created_at" timestamptz NOT NULL, "potential_tier" integer NULL, "projected_role" text NULL, "projection_window_months" integer NULL, "readiness_score" integer NULL, "risk_notes" text NULL, "risk_score" integer NULL, PRIMARY KEY ("projection_id"), CONSTRAINT "potential_projections_person_id_fkey" FOREIGN KEY ("person_id") REFERENCES "public"."persons" ("person_id") ON DELETE CASCADE, CONSTRAINT "potential_projections_season_id_fkey" FOREIGN KEY ("season_id") REFERENCES "public"."seasons" ("season_id") ON DELETE CASCADE)
Step 17: CREATE INDEX "potential_projections_personId_idx" ON "public"."potential_projections" ("person_id")
Step 18: CREATE INDEX "potential_projections_seasonId_idx" ON "public"."potential_projections" ("season_id")
Step 19: CREATE TABLE "public"."ranking_snapshots" ("snapshot_id" uuid NOT NULL DEFAULT uuid_generate_v4(), "competition_id" uuid NULL, "season_id" uuid NULL, "age_group" text NULL, "computed_at" timestamptz NOT NULL, "confidence" double precision NULL DEFAULT 1::double precision, "entity_id" uuid NOT NULL, "entity_type" text NOT NULL, "format" text NULL, "model_version_id" uuid NULL, "movement" integer NULL DEFAULT 0, "previous_rank" integer NULL, "province" text NULL, "rank" integer NOT NULL, "ranking_type" text NOT NULL, "score" double precision NOT NULL DEFAULT 0::double precision, PRIMARY KEY ("snapshot_id"), CONSTRAINT "ranking_snapshots_competition_id_fkey" FOREIGN KEY ("competition_id") REFERENCES "public"."competitions" ("competition_id") ON DELETE SET NULL, CONSTRAINT "ranking_snapshots_season_id_fkey" FOREIGN KEY ("season_id") REFERENCES "public"."seasons" ("season_id") ON DELETE SET NULL)
Step 20: CREATE INDEX "ranking_snapshots_competitionId_idx" ON "public"."ranking_snapshots" ("competition_id")
Step 21: CREATE INDEX "ranking_snapshots_seasonId_idx" ON "public"."ranking_snapshots" ("season_id")
Step 22: CREATE TABLE "public"."ranking_components" ("ranking_component_id" uuid NOT NULL DEFAULT uuid_generate_v4(), "ranking_snapshot_id" uuid NOT NULL, "component_name" text NOT NULL, "contribution" double precision NOT NULL, "normalised_value" double precision NOT NULL, "raw_value" double precision NOT NULL, "weight" double precision NOT NULL, PRIMARY KEY ("ranking_component_id"), CONSTRAINT "ranking_components_ranking_snapshot_id_fkey" FOREIGN KEY ("ranking_snapshot_id") REFERENCES "public"."ranking_snapshots" ("snapshot_id") ON DELETE CASCADE)
Step 23: CREATE INDEX "ranking_components_rankingSnapshotId_idx" ON "public"."ranking_components" ("ranking_snapshot_id")
Step 24: CREATE TABLE "public"."scout_reports" ("scout_report_id" uuid NOT NULL DEFAULT uuid_generate_v4(), "fixture_id" uuid NULL, "person_id" uuid NOT NULL, "scout_id" uuid NOT NULL, "competitiveness_score" integer NULL, "confidence_level" text NULL, "created_at" timestamptz NOT NULL, "mental_score" integer NULL, "physical_score" integer NULL, "projection_notes" text NULL, "prospect_category" text NOT NULL, "scout_grade" text NOT NULL, "statistical_evidence_score" integer NULL, "tactical_score" integer NULL, "technical_score" integer NULL, "updated_at" timestamptz NOT NULL, PRIMARY KEY ("scout_report_id"), CONSTRAINT "scout_reports_fixture_id_fkey" FOREIGN KEY ("fixture_id") REFERENCES "public"."fixtures" ("fixture_id") ON DELETE SET NULL, CONSTRAINT "scout_reports_person_id_fkey" FOREIGN KEY ("person_id") REFERENCES "public"."persons" ("person_id") ON DELETE CASCADE, CONSTRAINT "scout_reports_scout_id_fkey" FOREIGN KEY ("scout_id") REFERENCES "public"."persons" ("person_id") ON DELETE CASCADE)
Step 25: CREATE INDEX "scout_reports_fixtureId_idx" ON "public"."scout_reports" ("fixture_id")
Step 26: CREATE INDEX "scout_reports_personId_idx" ON "public"."scout_reports" ("person_id")
Step 27: CREATE INDEX "scout_reports_scoutId_idx" ON "public"."scout_reports" ("scout_id")
I0310 22:51:26.224827   35413 control.go:94] [/emulator/scrbrd-data 36f1] UpdateResources(): done
Main schema: sources: schema/schema.gql [36477B] 
Connector "example": sources: example/mutations.gql [2874B] example/queries.gql [1901B] 
I0310 22:51:26.451699   35413 codegen.go:80] [connector "example" javascriptSdk] Generating sources into "/Users/kameel.kalyan/Documents/SCRBRD/src/generated/dataconnect"
I0310 22:51:26.464546   35413 collector.go:107] schema extensions wrote into "/Users/kameel.kalyan/Documents/SCRBRD/dataconnect/.dataconnect/schema"
Generated sources: prelude.gql [73219B] main/query.gql [74792B] main/mutation.gql [205110B] main/implicit.gql [34196B] main/input.gql [963301B] main/relation.gql [568898B] 
I0310 22:51:26.465853   35413 collector.go:107] connector "example" javascriptSdk wrote into "/Users/kameel.kalyan/Documents/SCRBRD/src/generated/dataconnect"
Generated sources: .guides/setup.md [581B] esm/package.json [17B] README.md [90415B] .guides/config.json [236B] index.d.ts [23922B] esm/index.esm.js [8153B] index.cjs.js [9330B] package.json [634B] .guides/usage.md [2211B] 
I0310 22:51:26.467954   35413 installsdk.go:86] Running command: /usr/local/bin/npm install file:src/generated/dataconnect
E0310 22:51:28.647240   35413 installsdk.go:88] Failed to install package: exit status 1
I0310 22:51:28.647475   35413 load.go:109] Finished reloading
